
> batchmyphotos@1.0.0 build
> vite build

node.exe : [33mThe CJS build 
of Vite's Node API is 
deprecated. See https://vite.d
ev/guide/troubleshooting.html#
vite-cjs-node-api-deprecated 
for more details.[39m
At line:1 char:1
+ & "C:\Program 
Files\nodejs/node.exe" 
"C:\Program 
Files\nodejs/node_mo ...
+ ~~~~~~~~~~~~~~~~~~~~~~~~~~~~
~~~~~~~~~~~~~~~~~~~~~~~~~~~~~~
~~~~~~~~~~~
    + CategoryInfo          : 
N    otSpecified: ([33mThe 
CJS     bu...e 
details.[39m:String    ) [], 
RemoteException
    + FullyQualifiedErrorId : 
N    ativeCommandError
 
[36mvite v5.4.21 [32mbuilding for production...[36m[39m
transforming...
[32mΓ£ô[39m 1745 modules transformed.
[31mx[39m Build failed in 
1.17s
[31merror during build:
[31msrc/components/FaceSearch
/ResultsGrid.jsx (4:7): 
"default" is not exported by "
node_modules/react-virtualized
-auto-sizer/dist/react-virtual
ized-auto-sizer.js", imported 
by "src/components/FaceSearch/
ResultsGrid.jsx".[31m
file: [36mC:/Users/Theo 
Cedric Chan/Documents/Start 
Up project/BatchMyPhotos/src/c
omponents/FaceSearch/ResultsGr
id.jsx:4:7[31m
[33m
2: import { Download, 
ExternalLink, Image } from 
'lucide-react';
3: import { FixedSizeGrid } 
from 'react-window';
4: import AutoSizer from 'reac
t-virtualized-auto-sizer';
          ^
5: import './ResultsGrid.css';
[31m
    at getRollupError (file://
/C:/Users/Theo%20Cedric%20Chan
/Documents/Start%20Up%20projec
t/BatchMyPhotos/node_modules/r
ollup/dist/es/shared/parseAst.
js:400:41)
    at error (file:///C:/Users
/Theo%20Cedric%20Chan/Document
s/Start%20Up%20project/BatchMy
Photos/node_modules/rollup/dis
t/es/shared/parseAst.js:396:42
)
    at Module.error (file:///C
:/Users/Theo%20Cedric%20Chan/D
ocuments/Start%20Up%20project/
BatchMyPhotos/node_modules/rol
lup/dist/es/shared/node-entry.
js:17036:16)
    at Module.traceVariable (f
ile:///C:/Users/Theo%20Cedric%
20Chan/Documents/Start%20Up%20
project/BatchMyPhotos/node_mod
ules/rollup/dist/es/shared/nod
e-entry.js:17448:29)
    at 
ModuleScope.findVariable (file
:///C:/Users/Theo%20Cedric%20C
han/Documents/Start%20Up%20pro
ject/BatchMyPhotos/node_module
s/rollup/dist/es/shared/node-e
ntry.js:15066:39)
    at 
ReturnValueScope.findVariable 
(file:///C:/Users/Theo%20Cedri
c%20Chan/Documents/Start%20Up%
20project/BatchMyPhotos/node_m
odules/rollup/dist/es/shared/n
ode-entry.js:5673:38)
    at FunctionBodyScope.findV
ariable (file:///C:/Users/Theo
%20Cedric%20Chan/Documents/Sta
rt%20Up%20project/BatchMyPhoto
s/node_modules/rollup/dist/es/
shared/node-entry.js:5673:38)
    at Identifier.bind (file:/
//C:/Users/Theo%20Cedric%20Cha
n/Documents/Start%20Up%20proje
ct/BatchMyPhotos/node_modules/
rollup/dist/es/shared/node-ent
ry.js:5447:40)
    at CallExpression.bind (fi
le:///C:/Users/Theo%20Cedric%2
0Chan/Documents/Start%20Up%20p
roject/BatchMyPhotos/node_modu
les/rollup/dist/es/shared/node
-entry.js:2825:28)
    at CallExpression.bind (fi
le:///C:/Users/Theo%20Cedric%2
0Chan/Documents/Start%20Up%20p
roject/BatchMyPhotos/node_modu
les/rollup/dist/es/shared/node
-entry.js:12179:15)[39m
